// Jest Snapshot v1, https://goo.gl/fbAQLP

exports[`queryPageByPath 1`] = `"const page = require(\\"@noop-query?type=queryPageByPath&value=/foo\\").default;"`;
